// Jest Snapshot v1, https://goo.gl/fbAQLP

exports[`InlineLink should render correctly 1`] = `
.emotion-0 {
  color: #222222;
  border-bottom: 1px solid #B80000;
  -webkit-text-decoration: none;
  text-decoration: none;
}

.emotion-0:visited {
  color: #6E6E73;
  border-bottom: 1px solid #6E6E73;
}

.emotion-0:focus,
.emotion-0:hover {
  border-bottom: 2px solid #B80000;
  color: #B80000;
}

<div>
  <a
    class="emotion-0 emotion-1"
    href="https://www.bbc.com/news"
  >
    BBC News
  </a>
</div>
`;
