// Jest Snapshot v1, https://goo.gl/fbAQLP

exports[`Media Message matches media message snapshot 1`] = `
.emotion-0 {
  position: absolute;
  top: 0;
  left: 0;
  width: 100%;
  height: 100%;
}

.emotion-2 {
  font-family: Helmet,Freesans,Helvetica,Arial,sans-serif;
  font-weight: 400;
  font-style: normal;
  font-size: 0.9375rem;
  line-height: 1.125rem;
  width: 100%;
  height: 100%;
  position: absolute;
  top: 0;
  left: 0;
  border: 0.0625rem solid transparent;
  color: #FFFFFF;
  background-color: rgba(34, 34, 34, 0.75);
}

@media (min-width: 37.5rem) {
  .emotion-2 {
    font-size: 0.875rem;
  }
}

@media screen and (-ms-high-contrast: active) {
  .emotion-2 {
    background-color: transparent;
  }
}

.emotion-4 {
  display: block;
  font-weight: normal;
  bottom: 0;
  position: absolute;
  padding: 0.5rem;
}

@media screen and (-ms-high-contrast: active) {
  .emotion-4 {
    background-color: window;
  }
}

@media (min-width: 25rem) {
  .emotion-4 {
    padding: 1rem;
  }
}

<div>
  <div
    class="emotion-0 emotion-1"
  >
    
    <div
      class="emotion-2 emotion-3"
    >
      <strong
        class="emotion-4 emotion-5"
      >
        Контент більше не доступний
      </strong>
    </div>
  </div>
</div>
`;
