// Jest Snapshot v1, https://goo.gl/fbAQLP

exports[`Canonical ATI Analytics should render correctly 1`] = `
<noscript
  dangerouslySetInnerHTML={
    Object {
      "__html": "<img height=\\"1px\\" width=\\"1px\\" alt=\\"\\" src=\\"https://a1.api.bbc.co.uk/hit.xiti?key=value&key2=value2\\" />",
    }
  }
/>
`;
