// Jest Snapshot v1, https://goo.gl/fbAQLP

exports[`Story Promo Link Contents should render with visually hidden text for media promos 1`] = `
<span
  role="text"
>
  <ForwardRef(VisuallyHiddenText)>
    AUDIO
    , 
  </ForwardRef(VisuallyHiddenText)>
  <span>
    An overtyped headline for a media item
  </span>
  <ForwardRef(VisuallyHiddenText)>
    , 11 minutes 6 seconds
  </ForwardRef(VisuallyHiddenText)>
</span>
`;

exports[`Story Promo Link Contents should render with visually hidden text for media with overtyped headline 1`] = `
<span
  role="text"
>
  <ForwardRef(VisuallyHiddenText)>
    AUDIO
    , 
  </ForwardRef(VisuallyHiddenText)>
  <span>
    An overtyped headline for a media item
  </span>
  <ForwardRef(VisuallyHiddenText)>
    , 11 minutes 6 seconds
  </ForwardRef(VisuallyHiddenText)>
</span>
`;
