// Jest Snapshot v1, https://goo.gl/fbAQLP

exports[`Caption should render correctly 1`] = `
.c0 {
  background-color: #d5d0cd;
  color: #404040;
  font-family: ReithSansNewsRegular,Helvetica,Arial,sans-serif;
  padding: 8px;
  font-size: 0.9375em;
  line-height: 1.125em;
}

@media (min-width:37.5em) {
  .c0 {
    font-size: 0.875em;
  }
}

<figcaption
  className="c0"
>
  This is some Caption text
</figcaption>
`;
