// Jest Snapshot v1, https://goo.gl/fbAQLP

exports[`Canonical link 1`] = `"http://localhost:7080/pidgin/23248703"`;

exports[`Dir attribute 1`] = `"ltr"`;

exports[`FB admins 1`] = `"100004154058350"`;

exports[`FB app ID 1`] = `"1609039196070050"`;

exports[`Footer Copyright 1`] = `"© 2020 BBC. De external site no concern BBC. De way wey we de take go external link."`;

exports[`Header Branding 1`] = `"BBC News, Pidgin"`;

exports[`Heading level 1 1`] = `"Simorgh: Media Pod Build First CPS Media Asset Page in Simorgh with the Help of Drew & < >"`;

exports[`Lang attribute 1`] = `"pcm"`;

exports[`OG description 1`] = `"This week, CPS media assets were visible in Simorgh for the first time. The pages were built out in a matter of weeks using existing Psammead Components."`;

exports[`OG image 1`] = `"http://ichef.test.bbci.co.uk/news/1024/branded_pidgin/6FC4/test/_63721682_p01kx435.jpg"`;

exports[`OG image alt 1`] = `"connectionAltText"`;

exports[`OG locale 1`] = `"pcm"`;

exports[`OG site name 1`] = `"BBC News Pidgin"`;

exports[`OG title 1`] = `"Simorgh: Media Pod Build First CPS Media Asset Page in Simorgh with the Help of Drew & < > - BBC News Pidgin"`;

exports[`OG type 1`] = `"article"`;

exports[`OG url 1`] = `"http://localhost:7080/pidgin/23248703"`;

exports[`Page title 1`] = `"Simorgh: Media Pod Build First CPS Media Asset Page in Simorgh with the Help of Drew & < > - BBC News Pidgin"`;

exports[`Robots meta tag 1`] = `"noodp,noydir"`;

exports[`Skip to content link 1`] = `"Waka go wetin de inside"`;

exports[`Twitter card 1`] = `"summary_large_image"`;

exports[`Twitter creator 1`] = `"@BBCNews"`;

exports[`Twitter description 1`] = `"This week, CPS media assets were visible in Simorgh for the first time. The pages were built out in a matter of weeks using existing Psammead Components."`;

exports[`Twitter image alt 1`] = `"connectionAltText"`;

exports[`Twitter image src 1`] = `"http://ichef.test.bbci.co.uk/news/1024/branded_pidgin/6FC4/test/_63721682_p01kx435.jpg"`;

exports[`Twitter site 1`] = `"@BBCNews"`;

exports[`Twitter title 1`] = `"Simorgh: Media Pod Build First CPS Media Asset Page in Simorgh with the Help of Drew & < > - BBC News Pidgin"`;
