// Jest Snapshot v1, https://jestjs.io/docs/snapshot-testing

exports[`AMP Articles A11y I can see the skip to content link 1`] = `"Tsallaka zuwa abubuwan da ke ciki"`;

exports[`AMP Articles AMP Geo config 1`] = `"{"AmpBind":true,"ISOCountryGroups":{"eea":["at","ax","be","bg","bl","cy","cz","de","dk","ea","ee","es","fi","fr","gb","gf","gg","gi","gp","gr","hr","hu","ic","ie","im","is","it","je","li","lt","lu","lv","mf","mq","mt","nc","nl","no","pf","pl","pm","pt","re","ro","se","si","sj","sk","tf","va","wf","yt"],"gbOrUnknown":["gb","gg","im","je","uk","unknown"]}}"`;

exports[`AMP Articles Footer I can click on the BBC branding and it would take me to the homepage 1`] = `"/hausa"`;

exports[`AMP Articles Header I can see the branding 1`] = `"BBC News, Hausa"`;

exports[`AMP Articles Image Caption should match text 1`] = `"Bayanan hoto, Wannan hoton gwaji, mallakin BBC, ya nuna taswirar Faransa. Hoton yana cikin katangar ukun farko kuma yana da wannan taken."`;

exports[`AMP Articles Image should match snapshot 1`] = `
<amp-img
  alt="Taswirar Faransa wanda ke nuna Paris da Cognac"
  class="bbc-image"
  data-hero="true"
  fallback=""
  height="351"
  layout="responsive"
  src="https://ichef.bbci.co.uk/ace/ws/640/cpsdevpb/08d8/test/4926a890-de24-11e9-b23c-f1ac9644bb55.jpg.webp"
  srcset="https://ichef.bbci.co.uk/ace/ws/240/cpsdevpb/08d8/test/4926a890-de24-11e9-b23c-f1ac9644bb55.jpg.webp 240w, https://ichef.bbci.co.uk/ace/ws/320/cpsdevpb/08d8/test/4926a890-de24-11e9-b23c-f1ac9644bb55.jpg.webp 320w, https://ichef.bbci.co.uk/ace/ws/480/cpsdevpb/08d8/test/4926a890-de24-11e9-b23c-f1ac9644bb55.jpg.webp 480w, https://ichef.bbci.co.uk/ace/ws/624/cpsdevpb/08d8/test/4926a890-de24-11e9-b23c-f1ac9644bb55.jpg.webp 624w"
  width="624"
/>
`;

exports[`AMP Articles Main heading should match text 1`] = `"Wannan shine taken wannan labarin gwajin"`;

exports[`AMP Articles SEO Canonical link 1`] = `"http://localhost:7080/hausa/articles/c2nr6xqmnewo"`;

exports[`AMP Articles SEO Dir attribute 1`] = `"ltr"`;

exports[`AMP Articles SEO FB app ID 1`] = `"1609039196070050"`;

exports[`AMP Articles SEO Heading level 1 1`] = `"Wannan shine taken wannan labarin gwajin"`;

exports[`AMP Articles SEO Lang attribute 1`] = `"ha"`;

exports[`AMP Articles SEO OG description 1`] = `"Wannan shine taken SEO na wannan labarin gwaji"`;

exports[`AMP Articles SEO OG image 1`] = `"https://news.files.bbci.co.uk/ws/img/logos/og/hausa.png"`;

exports[`AMP Articles SEO OG image alt 1`] = `"BBC News Hausa"`;

exports[`AMP Articles SEO OG locale 1`] = `"ha-GH"`;

exports[`AMP Articles SEO OG site name 1`] = `"BBC News Hausa"`;

exports[`AMP Articles SEO OG title 1`] = `"Wannan shine taken SEO na wannan labarin gwaji - BBC News Hausa"`;

exports[`AMP Articles SEO OG type 1`] = `"article"`;

exports[`AMP Articles SEO OG url 1`] = `"http://localhost:7080/hausa/articles/c2nr6xqmnewo"`;

exports[`AMP Articles SEO Page title 1`] = `"Wannan shine taken SEO na wannan labarin gwaji - BBC News Hausa"`;

exports[`AMP Articles SEO Robots meta tag 1`] = `"noodp, noydir, max-image-preview:large"`;

exports[`AMP Articles SEO Twitter card 1`] = `"summary_large_image"`;

exports[`AMP Articles SEO Twitter creator 1`] = `"@bbchausa"`;

exports[`AMP Articles SEO Twitter description 1`] = `"Wannan shine taken SEO na wannan labarin gwaji"`;

exports[`AMP Articles SEO Twitter image alt 1`] = `"BBC News Hausa"`;

exports[`AMP Articles SEO Twitter image src 1`] = `"https://news.files.bbci.co.uk/ws/img/logos/og/hausa.png"`;

exports[`AMP Articles SEO Twitter site 1`] = `"@bbchausa"`;

exports[`AMP Articles SEO Twitter title 1`] = `"Wannan shine taken SEO na wannan labarin gwaji - BBC News Hausa"`;

exports[`AMP Articles Timestamp should match text and date 1`] = `
{
  "date": "2019-07-12",
  "text": "12 Yuli 2019",
}
`;
