// Jest Snapshot v1, https://goo.gl/fbAQLP

exports[`Frosted Glass Promo when given props directly 1`] = `<div />`;

exports[`Frosted Glass Promo when given props for a CPS promo 1`] = `<div />`;

exports[`Frosted Glass Promo when given props for a Link promo 1`] = `<div />`;

exports[`Frosted Glass Promo when given props for a Optimo promo 1`] = `<div />`;

exports[`Frosted Glass Promo when given props for an a Optimo promo with no image 1`] = `<div />`;
