// Jest Snapshot v1, https://goo.gl/fbAQLP

exports[`defaultPageWrapper should render with children 1`] = `
<React.Fragment>
  <GlobalStyleComponent
    fonts={
      Array [
        "
  @font-face {
    font-family: \\"ReithSerif\\";
    src: url(\\"https://gel.files.bbci.co.uk/r2.302/BBCReithSerif_W_Md.woff2\\") format(\\"woff2\\"), url(\\"https://gel.files.bbci.co.uk/r2.302/BBCReithSerif_W_Md.woff\\") format(\\"woff\\");
    font-weight: 500;
    font-display: optional;
  }",
        "
  @font-face {
    font-family: \\"ReithSerif\\";
    src: url(\\"https://gel.files.bbci.co.uk/r2.302/BBCReithSerif_W_MdIt.woff2\\") format(\\"woff2\\"), url(\\"https://gel.files.bbci.co.uk/r2.302/BBCReithSerif_W_MdIt.woff\\") format(\\"woff\\");
    font-weight: 500;
    font-style: italic;
    font-display: optional;
  }",
        "
  @font-face {
    font-family: \\"ReithSans\\";
    src: url(\\"https://gel.files.bbci.co.uk/r2.302/BBCReithSans_W_Rg.woff2\\") format(\\"woff2\\"), url(\\"https://gel.files.bbci.co.uk/r2.302/BBCReithSans_W_Rg.woff\\") format(\\"woff\\");
    font-display: optional;
  }",
        "
    @font-face {
    font-family: \\"ReithSans\\";
    src: url(\\"https://gel.files.bbci.co.uk/r2.302/BBCReithSans_W_It.woff2\\") format(\\"woff2\\"), url(\\"https://gel.files.bbci.co.uk/r2.302/BBCReithSans_W_It.woff\\") format(\\"woff\\");
    font-style: italic;
    font-display: optional;
  }",
        "
  @font-face {
    font-family: \\"ReithSans\\";
    src: url(\\"https://gel.files.bbci.co.uk/r2.302/BBCReithSans_W_Bd.woff2\\") format(\\"woff2\\"), url(\\"https://gel.files.bbci.co.uk/r2.302/BBCReithSans_W_Bd.woff\\") format(\\"woff\\");
    font-weight: 700;
    font-display: optional;
  }",
        "
  @font-face {
    font-family: \\"ReithSans\\";
    src: url(\\"https://gel.files.bbci.co.uk/r2.302/BBCReithSans_W_BdIt.woff2\\") format(\\"woff2\\"), url(\\"https://gel.files.bbci.co.uk/r2.302/BBCReithSans_W_BdIt.woff\\") format(\\"woff\\");
    font-weight: 700;
    font-style: italic;
    font-display: optional;
  }",
      ]
    }
  />
  <ServiceContextProvider
    service="news"
  >
    <RequestContextProvider
      id="c0000000000o"
      isUK={true}
      origin="https://www.bbc.com"
      platform="amp"
      statsDestination="NEWS_PS_TEST"
      statsPageIdentifier="news.articles.c0000000000o.page"
    >
      <HelmetWrapper
        defer={true}
        encodeSpecialCharacters={true}
      >
        <link
          href="/news/articles/manifest.json"
          rel="manifest"
        />
      </HelmetWrapper>
      <ConsentBanner />
      <HeaderContainer />
      <h2>
        Child element
      </h2>
      <FooterContainer />
    </RequestContextProvider>
  </ServiceContextProvider>
</React.Fragment>
`;
