// Jest Snapshot v1, https://goo.gl/fbAQLP

exports[`Canonical  A11y I can see the skip to content link 1`] = `"Fò kọjá sí nnkan tí ó wà nínú rẹ̀"`;

exports[`Canonical  Analytics ATI: https://logws1363.ati-host.net? 1`] = `"https://logws1363.ati-host.net?s=598343&s2=107&p=yoruba.articles.clw06m0nj8qo.page&x1=[urn:bbc:optimo:clw06m0nj8qo]&x2=[responsive]&x3=[news-yoruba]&x4=[yo]&x7=[article]&x8=[simorgh-nojs]&x9=[Eyi+ni+akọle+SEO+ti+nkan+idanwo+yii]&x11=[2019-07-12T13:09:53.391Z]&x12=[2019-09-27T16:24:58.248Z]"`;

exports[`Canonical  Footer I can click on the BBC branding and it would take me to the homepage 1`] = `"/yoruba"`;

exports[`Canonical  Footer I can see the footer copyright and external linking text 1`] = `"© 2020 BBC. BBC kò mọ̀ nípa àwọn ohun tí ó wà ní àwọn ojú òpó tí ó wà ní ìta. Ọwọ́ tí a fi mú ìbáṣepọ̀ ti ìta."`;

exports[`Canonical  Header I can see the branding 1`] = `"BBC News, Yorùbá"`;

exports[`Canonical  I can see an image with a caption 1`] = `"https://ichef.bbci.co.uk/news/640/cpsdevpb/4273/test/097029e0-de26-11e9-b23c-f1ac9644bb55.jpg"`;

exports[`Canonical  I can see an image with a caption 2`] = `"Àkọlé àwòrán, Aworan idanwo yii, BBC aladakọ, fihan maapu ti Ilu Faranse. Aworan naa wa ni awọn bulọọki mẹta akọkọ ati pe o ni ifori."`;

exports[`Canonical  SEO Canonical link 1`] = `"http://localhost:7080/yoruba/articles/clw06m0nj8qo"`;

exports[`Canonical  SEO Dir attribute 1`] = `"ltr"`;

exports[`Canonical  SEO FB admins 1`] = `"100004154058350"`;

exports[`Canonical  SEO FB app ID 1`] = `"1609039196070050"`;

exports[`Canonical  SEO Heading level 1 1`] = `"Eyi ni akọle ti nkan idanwo yii"`;

exports[`Canonical  SEO Lang attribute 1`] = `"yo"`;

exports[`Canonical  SEO Linked data 1`] = `
Object {
  "@context": "http://schema.org",
  "@type": "Article",
  "author": Object {
    "@type": "NewsMediaOrganization",
    "logo": Object {
      "@type": "ImageObject",
      "height": 576,
      "url": "https://news.files.bbci.co.uk/ws/img/logos/og/yoruba.png",
      "width": 1024,
    },
    "name": "BBC News Yorùbá",
    "noBylinesPolicy": "https://www.bbc.com/yoruba/institutional-48528718#authorexpertise",
  },
  "dateModified": "2019-09-27T16:24:58.248Z",
  "datePublished": "2019-07-12T13:09:53.391Z",
  "headline": "Eyi ni akọle SEO ti nkan idanwo yii",
  "image": Object {
    "@type": "ImageObject",
    "height": 576,
    "url": "https://news.files.bbci.co.uk/ws/img/logos/og/yoruba.png",
    "width": 1024,
  },
  "mainEntityOfPage": Object {
    "@id": "http://localhost:7080/yoruba/articles/clw06m0nj8qo",
    "@type": "WebPage",
    "name": "Eyi ni akọle SEO ti nkan idanwo yii",
  },
  "publisher": Object {
    "@type": "NewsMediaOrganization",
    "logo": Object {
      "@type": "ImageObject",
      "height": 576,
      "url": "https://news.files.bbci.co.uk/ws/img/logos/og/yoruba.png",
      "width": 1024,
    },
    "name": "BBC News Yorùbá",
    "publishingPrinciples": "https://www.bbc.com/yoruba/institutional-48528718",
  },
  "thumbnailUrl": "https://news.files.bbci.co.uk/ws/img/logos/og/yoruba.png",
  "url": "http://localhost:7080/yoruba/articles/clw06m0nj8qo",
}
`;

exports[`Canonical  SEO OG description 1`] = `"Eyi ni akọle SEO ti nkan idanwo yii"`;

exports[`Canonical  SEO OG image 1`] = `"https://news.files.bbci.co.uk/ws/img/logos/og/yoruba.png"`;

exports[`Canonical  SEO OG image alt 1`] = `"BBC News Yorùbá"`;

exports[`Canonical  SEO OG locale 1`] = `"yo"`;

exports[`Canonical  SEO OG site name 1`] = `"BBC News Yorùbá"`;

exports[`Canonical  SEO OG title 1`] = `"Eyi ni akọle SEO ti nkan idanwo yii - BBC News Yorùbá"`;

exports[`Canonical  SEO OG type 1`] = `"article"`;

exports[`Canonical  SEO OG url 1`] = `"http://localhost:7080/yoruba/articles/clw06m0nj8qo"`;

exports[`Canonical  SEO Page title 1`] = `"Eyi ni akọle SEO ti nkan idanwo yii - BBC News Yorùbá"`;

exports[`Canonical  SEO Robots meta tag 1`] = `"noodp,noydir"`;

exports[`Canonical  SEO Twitter card 1`] = `"summary_large_image"`;

exports[`Canonical  SEO Twitter creator 1`] = `"@BBCNews"`;

exports[`Canonical  SEO Twitter description 1`] = `"Eyi ni akọle SEO ti nkan idanwo yii"`;

exports[`Canonical  SEO Twitter image alt 1`] = `"BBC News Yorùbá"`;

exports[`Canonical  SEO Twitter image src 1`] = `"https://news.files.bbci.co.uk/ws/img/logos/og/yoruba.png"`;

exports[`Canonical  SEO Twitter site 1`] = `"@BBCNews"`;

exports[`Canonical  SEO Twitter title 1`] = `"Eyi ni akọle SEO ti nkan idanwo yii - BBC News Yorùbá"`;
